max_provinces = 1606
# stats:  1586 provinces
# unused: 1219 1221-1222 1325 1337 1426 1558 1576-1577 1585 1587 1592-1594 1596 1599
definitions = "definition.csv"
provinces = "provinces.bmp"
positions = "positions.txt"
terrain = "terrain.bmp"
rivers = "rivers.bmp"
terrain_definition = "terrain.txt"
heightmap = "topology.bmp"
tree_definition = "trees.bmp"
continent = "continent.txt"
adjacencies = "adjacencies.csv"
climate = "climate.txt"
region = "region.txt"
static = "static.txt"
seasons = "seasons.txt"

sea_zones = { 1438 1557 }
sea_zones = { 1559 1575 }
sea_zones = { 1578 1584 }
sea_zones = { 1586 1586 }
sea_zones = { 1588 1588 }
sea_zones = { 1590 1591 }
sea_zones = { 1595 1595 }
sea_zones = { 1597 1598 }
sea_zones = { 1605 1605 }

ocean_region = {	# OCEAN
	sea_zones = { 1 2 3 4 5 6 7 8 9 }
}

# Define which indices in trees.bmp palette which should count as trees for automatic terrain assignment
tree = { 3 4 7 10 }

major_rivers = 
{
	# OCEAN
	
}